// Jest Snapshot v1, https://goo.gl/fbAQLP

exports[`as expected snapshot 1`] = `
<button
  className="comp-button-base __"
  type="button"
>
  test
</button>
`;
