// Jest Snapshot v1, https://goo.gl/fbAQLP

exports[`as expected snapshot 1 1`] = `
<div
  className="comp-container"
>
  <div
    className="section-claim"
  >
    <div
      className="section-claim__title"
    >
      <span
        className="section-claim__title-main"
      >
        Simplified Claims
      </span>
      <span
        className="section-claim__title-sub"
      >
        Easy as One, Two, Three
      </span>
    </div>
    <div
      className="section-claim__content"
    >
      <div
        className="section-claim__content-item"
      >
        <div
          className="section-claim__content-item__avatar __blue-circle"
        >
          1
        </div>
        <div
          className="section-claim__content-item__title"
        >
          Report Claim
        </div>
        <div
          className="section-claim__content-item__text"
        >
          Lorem ipsum dolor sit amet, consectetur adipiscing elit. Proin quis nunc vitae velit rutrum suscipit non et eros.
        </div>
      </div>
      <div
        className="section-claim__content__separator"
      >
        <img
          alt="after-blue"
          src="after-blue.png"
        />
      </div>
      <div
        className="section-claim__content-item"
      >
        <div
          className="section-claim__content-item__avatar __pink-circle"
        >
          2
        </div>
        <div
          className="section-claim__content-item__title"
        >
          Report Claim
        </div>
        <div
          className="section-claim__content-item__text"
        >
          Lorem ipsum dolor sit amet, consectetur adipiscing elit. Proin quis nunc vitae velit rutrum suscipit non et eros.
        </div>
      </div>
      <div
        className="section-claim__content__separator"
      >
        <img
          alt="after-pink"
          src="after-pink.png"
        />
      </div>
      <div
        className="section-claim__content-item"
      >
        <div
          className="section-claim__content-item__avatar __green-circle"
        >
          3
        </div>
        <div
          className="section-claim__content-item__title"
        >
          Final Settlement
        </div>
        <div
          className="section-claim__content-item__text"
        >
          Lorem ipsum dolor sit amet, consectetur adipiscing elit. Proin quis nunc vitae velit rutrum suscipit non et eros.
        </div>
      </div>
    </div>
  </div>
</div>
`;
